{"level":"warn","message":"Sentry DSN not found. Sentry error monitoring is disabled.","timestamp":"2026-07-10 13:34:16"}
{"level":"info","message":"✅ Master SubSLS already populated: 1042 records (from DB)","timestamp":"2026-07-10 13:34:16"}
{"level":"info","message":"🚀 Dashboard SE2026 PPU berjalan di http://localhost:3000","timestamp":"2026-07-10 13:34:16"}
{"level":"info","message":"📅 10/7/2026, 13.34.16","timestamp":"2026-07-10 13:34:16"}
{"level":"warn","message":"Sentry DSN not found. Sentry error monitoring is disabled.","timestamp":"2026-07-10 13:35:08"}
{"level":"info","message":"✅ Master SubSLS already populated: 1042 records (from DB)","timestamp":"2026-07-10 13:35:08"}
{"level":"info","message":"🚀 Dashboard SE2026 PPU berjalan di http://localhost:3000","timestamp":"2026-07-10 13:35:08"}
{"level":"info","message":"📅 10/7/2026, 13.35.08","timestamp":"2026-07-10 13:35:08"}
{"level":"info","message":"Sentry debug route triggered.","timestamp":"2026-07-10 13:35:18"}
{"level":"error","message":"Unhandled request error: Sentry Test Error from Node.js!","stack":"Error: Sentry Test Error from Node.js!\n    at D:\\SE2026\\monitoring-se2026-ppu\\server.js:193:9\n    at Layer.handleRequest (D:\\SE2026\\monitoring-se2026-ppu\\node_modules\\router\\lib\\layer.js:152:17)\n    at next (D:\\SE2026\\monitoring-se2026-ppu\\node_modules\\router\\lib\\route.js:157:13)\n    at Route.dispatch (D:\\SE2026\\monitoring-se2026-ppu\\node_modules\\router\\lib\\route.js:117:3)\n    at handle (D:\\SE2026\\monitoring-se2026-ppu\\node_modules\\router\\index.js:435:11)\n    at Layer.handleRequest (D:\\SE2026\\monitoring-se2026-ppu\\node_modules\\router\\lib\\layer.js:152:17)\n    at D:\\SE2026\\monitoring-se2026-ppu\\node_modules\\router\\index.js:295:15\n    at processParams (D:\\SE2026\\monitoring-se2026-ppu\\node_modules\\router\\index.js:582:12)\n    at next (D:\\SE2026\\monitoring-se2026-ppu\\node_modules\\router\\index.js:291:5)\n    at D:\\SE2026\\monitoring-se2026-ppu\\node_modules\\router\\index.js:688:15","timestamp":"2026-07-10 13:35:18"}
{"level":"warn","message":"Sentry DSN not found. Sentry error monitoring is disabled.","timestamp":"2026-07-10 13:35:39"}
{"level":"info","message":"✅ Master SubSLS already populated: 1042 records (from DB)","timestamp":"2026-07-10 13:35:40"}
{"level":"info","message":"🚀 Dashboard SE2026 PPU berjalan di http://localhost:3000","timestamp":"2026-07-10 13:35:40"}
{"level":"info","message":"📅 10/7/2026, 13.35.40","timestamp":"2026-07-10 13:35:40"}
{"level":"warn","message":"Sentry DSN not found. Sentry error monitoring is disabled.","timestamp":"2026-07-10 13:37:37"}
{"level":"info","message":"Applying database migration: 20260710000000_init","timestamp":"2026-07-10 13:37:37"}
{"level":"info","message":"Applying database migration: 20260710000001_add_target_fasih","timestamp":"2026-07-10 13:37:37"}
{"level":"info","message":"Applying database migration: 20260710000002_add_progres_columns","timestamp":"2026-07-10 13:37:37"}
{"level":"info","message":"Applying database migration: 20260710000003_add_uploads_filenames","timestamp":"2026-07-10 13:37:37"}
{"level":"info","message":"Database schema migrations complete. Applied 4 migrations.","timestamp":"2026-07-10 13:37:37"}
{"level":"info","message":"✅ Master SubSLS already populated: 1042 records (from DB)","timestamp":"2026-07-10 13:37:37"}
{"level":"info","message":"🚀 Dashboard SE2026 PPU berjalan di http://localhost:3000","timestamp":"2026-07-10 13:37:37"}
{"level":"info","message":"📅 10/7/2026, 13.37.37","timestamp":"2026-07-10 13:37:37"}
{"level":"warn","message":"Sentry DSN not found. Sentry error monitoring is disabled.","timestamp":"2026-07-10 13:38:28"}
{"level":"info","message":"✅ Master SubSLS already populated: 1042 records (from DB)","timestamp":"2026-07-10 13:38:29"}
{"level":"info","message":"🚀 Dashboard SE2026 PPU berjalan di http://localhost:3000","timestamp":"2026-07-10 13:38:29"}
{"level":"info","message":"📅 10/7/2026, 13.38.29","timestamp":"2026-07-10 13:38:29"}
{"level":"warn","message":"Sentry DSN not found. Sentry error monitoring is disabled.","timestamp":"2026-07-10 13:51:32"}
{"level":"info","message":"✅ Master SubSLS already populated: 1042 records (from DB)","timestamp":"2026-07-10 13:51:33"}
{"level":"info","message":"🚀 Dashboard SE2026 PPU berjalan di http://localhost:3000","timestamp":"2026-07-10 13:51:33"}
{"level":"info","message":"📅 10/7/2026, 13.51.33","timestamp":"2026-07-10 13:51:33"}
{"level":"warn","message":"Sentry DSN not found. Sentry error monitoring is disabled.","timestamp":"2026-07-10 14:00:47"}
{"level":"info","message":"Applying database migration: 20260710000004_normalize_officer_names","timestamp":"2026-07-10 14:00:48"}
{"level":"info","message":"Database schema migrations complete. Applied 1 migrations.","timestamp":"2026-07-10 14:00:48"}
{"level":"info","message":"Populating summary_cache for existing uploads...","timestamp":"2026-07-10 14:00:48"}
{"level":"info","message":"✅ Master SubSLS already populated: 1042 records (from DB)","timestamp":"2026-07-10 14:00:48"}
{"level":"info","message":"🚀 Dashboard SE2026 PPU berjalan di http://localhost:3000","timestamp":"2026-07-10 14:00:48"}
{"level":"info","message":"📅 10/7/2026, 14.00.48","timestamp":"2026-07-10 14:00:48"}
{"level":"warn","message":"Sentry DSN not found. Sentry error monitoring is disabled.","timestamp":"2026-07-10 14:42:08"}
{"level":"info","message":"✅ Master SubSLS already populated: 1042 records (from DB)","timestamp":"2026-07-10 14:42:11"}
{"level":"info","message":"🚀 Dashboard SE2026 PPU berjalan di http://localhost:3000","timestamp":"2026-07-10 14:42:11"}
{"level":"info","message":"📅 10/7/2026, 14.42.11","timestamp":"2026-07-10 14:42:11"}
